IQ-TREE version 3.1.1 for Windows 64-bit built Apr  2 2026
Developed by Bui Quang Minh, Thomas Wong, Nhan Ly-Trong, Huaiyan Ren
Contributed by Lam-Tung Nguyen, Dominik Schrempf, Chris Bielow,
Olga Chernomor, Michael Woodhams, Diep Thi Hoang, Heiko Schmidt

Host:    DESKTOP-I0VDDLU (AVX2, FMA3, 15 GB RAM)
Command: iqtree-3.1.1-Windows\bin\iqtree3.exe -s ml2\datasets\M14005.nex -m MFP -B 1000 -bnni -T AUTO --prefix ml2\trees\M14005 --redo
Seed:    236533 (Using SPRNG - Scalable Parallel Random Number Generator)
Time:    Mon May 04 12:48:29 2026
Kernel:  AVX+FMA - auto-detect threads (16 CPU cores detected)

Reading alignment file ml2\datasets\M14005.nex ... Nexus format detected
Skipping unknown block (CODONS)...
Alignment has 13 sequences with 615 columns, 130 distinct patterns
100 parsimony-informative, 98 singleton sites, 417 constant sites
                                 Gap/Ambiguity  Composition  p-value
Analyzing sequences: done in 0.0003033 secs
   1  Atanycolus_hicoriae_GU173825       0.16%    passed     85.95%
   2  Atanycolus_longifemoralis_J0086   83.25%    passed     61.19%
   3  Atanycolus_longifemoralis_J0087   83.25%    passed     61.19%
   4  Atanycolus_longifemoralis_J0088   83.25%    passed     61.19%
   5  Atanycolus_longifemoralis_J0089   83.25%    passed     61.19%
   6  Atanycolus_simplex_GU173831        0.00%    passed      5.22%
   7  Atanycolus_sp_GU173826             0.00%    passed     94.07%
   8  Atanycolus_sp_GU173827             0.00%    passed     94.07%
   9  Atanycolus_ulmicola_GU173828       0.00%    passed     88.46%
  10  Atanycolus_ulmicola_GU173832       0.00%    passed     90.96%
  11  Atanycolus_ulmicola_GU173833       0.00%    passed     92.38%
  12  Digonogastra_GU173829              0.00%    passed     55.42%
  13  Doryctes_GU173830                  0.00%    passed     42.25%
WARNING: 4 sequences contain more than 50% gaps/ambiguity
****  TOTAL                             25.63%  0 sequences failed composition chi2 test (p-value<5%; df=3)
NOTE: Atanycolus_longifemoralis_J0087 is identical to Atanycolus_longifemoralis_J0086 but kept for subsequent analysis
Checking for duplicate sequences: done in 0.0115459 secs using 1218% CPU
Identifying sites to remove: done in 0.0008864 secs
NOTE: 2 identical sequences (see below) will be ignored for subsequent analysis
NOTE: Atanycolus_longifemoralis_J0088 (identical to Atanycolus_longifemoralis_J0086) is ignored but added at the end
NOTE: Atanycolus_longifemoralis_J0089 (identical to Atanycolus_longifemoralis_J0086) is ignored but added at the end
Alignment was printed to ml2\trees\M14005.uniqueseq.phy

For your convenience alignment with unique sequences printed to ml2\trees\M14005.uniqueseq.phy


Create initial parsimony tree by phylogenetic likelihood library (PLL)... 0.009 seconds
Measuring multi-threading efficiency up to 16 CPU cores
Increase to 10 rounds for branch lengths
3537 trees examined
Threads: 1 / Time: 16.003 sec / Speedup: 1.000 / Efficiency: 100% / LogL: -2371
Threads: 2 / Time: 13.942 sec / Speedup: 1.148 / Efficiency: 57% / LogL: -2371
Threads: 3 / Time: 14.347 sec / Speedup: 1.115 / Efficiency: 37% / LogL: -2371
Determining AUTO threadcount: done in 44.3435 secs using 201.8% CPU
BEST NUMBER OF THREADS: 2

Perform fast likelihood tree search using GTR+I+G model...
Estimate model parameters (epsilon = 5.000)
Perform nearest neighbor interchange...
Estimate model parameters (epsilon = 1.000)
1. Initial log-likelihood: -2044.320
Optimal log-likelihood: -2044.172
Rate parameters:  A-C: 0.03402  A-G: 7.58396  A-T: 4.10990  C-G: 1.39656  C-T: 2.49868  G-T: 1.00000
Base frequencies:  A: 0.303  C: 0.099  G: 0.147  T: 0.450
Proportion of invariable sites: 0.339
Gamma shape alpha: 0.876
Parameters optimization took 1 rounds (0.065 sec)
Time for fast ML tree search: 0.164 seconds

NOTE: ModelFinder requires 1 MB RAM!
ModelFinder will test up to 968 DNA models (sample size: 615 epsilon: 0.100) ...
 No. Model         -LnL         df  AIC          AICc         BIC
WARNING: Number of threads seems too high for short alignments. Use -T AUTO to determine best number of threads.
  1  JC            2285.118     19  4608.237     4609.514     4692.248
WARNING: Number of threads seems too high for short alignments. Use -T AUTO to determine best number of threads.
  2  JC+I          2237.946     20  4515.893     4517.307     4604.325
WARNING: Number of threads seems too high for short alignments. Use -T AUTO to determine best number of threads.
  3  JC+G4         2240.521     20  4521.043     4522.457     4609.475
WARNING: Number of threads seems too high for short alignments. Use -T AUTO to determine best number of threads.
  4  JC+I+G4       2240.718     21  4523.435     4524.993     4616.289
WARNING: Number of threads seems too high for short alignments. Use -T AUTO to determine best number of threads.
  5  JC+R2         2238.718     21  4519.436     4520.995     4612.290
WARNING: Number of threads seems too high for short alignments. Use -T AUTO to determine best number of threads.
+R3 reinitialized from +R2 with factor 0.500
+R3 reinitialized from +R2 with factor 0.250
+R3 reinitialized from +R2 with factor 0.125
+R3 reinitialized from +R2 with factor 0.062
  6  JC+R3         2238.763     23  4523.526     4525.394     4625.223
WARNING: Number of threads seems too high for short alignments. Use -T AUTO to determine best number of threads.
 14  JC+I+R2       2238.490     22  4520.980     4522.689     4618.255
WARNING: Number of threads seems too high for short alignments. Use -T AUTO to determine best number of threads.
+I+R3 reinitialized from +I+R2 with factor 0.500
+I+R3 reinitialized from +I+R2 with factor 0.250
 15  JC+I+R3       2238.581     24  4525.162     4527.196     4631.281
 24  JC+I          2237.946     20  4515.893     4517.307     4604.325
 25  JC+G4         2240.521     20  4521.043     4522.457     4609.475
 27  JC+R2         2238.718     21  4519.436     4520.995     4612.290
WARNING: Number of threads seems too high for short alignments. Use -T AUTO to determine best number of threads.
 46  F81+I         2237.947     20  4515.893     4517.307     4604.326
WARNING: Number of threads seems too high for short alignments. Use -T AUTO to determine best number of threads.
 47  F81+G4        2240.522     20  4521.044     4522.458     4609.476
WARNING: Number of threads seems too high for short alignments. Use -T AUTO to determine best number of threads.
 49  F81+R2        2238.687     21  4519.373     4520.931     4612.227
WARNING: Number of threads seems too high for short alignments. Use -T AUTO to determine best number of threads.
 68  F81+F+I       2082.190     23  4210.380     4212.248     4312.078
WARNING: Number of threads seems too high for short alignments. Use -T AUTO to determine best number of threads.
 69  F81+F+G4      2083.799     23  4213.598     4215.466     4315.295
WARNING: Number of threads seems too high for short alignments. Use -T AUTO to determine best number of threads.
 71  F81+F+R2      2082.639     24  4213.278     4215.312     4319.397
WARNING: Number of threads seems too high for short alignments. Use -T AUTO to determine best number of threads.
 90  K2P+I         2237.945     21  4517.891     4519.449     4610.745
WARNING: Number of threads seems too high for short alignments. Use -T AUTO to determine best number of threads.
 91  K2P+G4        2240.510     21  4523.020     4524.578     4615.874
WARNING: Number of threads seems too high for short alignments. Use -T AUTO to determine best number of threads.
 93  K2P+R2        2238.670     22  4521.340     4523.049     4618.616
112  K2P+I         2237.945     21  4517.891     4519.449     4610.745
113  K2P+G4        2240.510     21  4523.020     4524.578     4615.874
115  K2P+R2        2238.670     22  4521.340     4523.049     4618.616
WARNING: Number of threads seems too high for short alignments. Use -T AUTO to determine best number of threads.
134  HKY+I         2237.945     21  4517.891     4519.449     4610.745
WARNING: Number of threads seems too high for short alignments. Use -T AUTO to determine best number of threads.
135  HKY+G4        2240.510     21  4523.020     4524.578     4615.874
WARNING: Number of threads seems too high for short alignments. Use -T AUTO to determine best number of threads.
137  HKY+R2        2238.662     22  4521.325     4523.034     4618.601
WARNING: Number of threads seems too high for short alignments. Use -T AUTO to determine best number of threads.
156  HKY+F+I       2072.596     24  4193.193     4195.227     4299.312
WARNING: Number of threads seems too high for short alignments. Use -T AUTO to determine best number of threads.
157  HKY+F+G4      2073.746     24  4195.493     4197.527     4301.612
WARNING: Number of threads seems too high for short alignments. Use -T AUTO to determine best number of threads.
159  HKY+F+R2      2072.863     25  4195.725     4197.933     4306.266
WARNING: Number of threads seems too high for short alignments. Use -T AUTO to determine best number of threads.
178  TNe+I         2228.147     22  4500.293     4502.003     4597.569
WARNING: Number of threads seems too high for short alignments. Use -T AUTO to determine best number of threads.
179  TNe+G4        2230.161     22  4504.323     4506.032     4601.598
WARNING: Number of threads seems too high for short alignments. Use -T AUTO to determine best number of threads.
181  TNe+R2        2228.654     23  4503.308     4505.176     4605.006
200  TNe+I         2228.147     22  4500.293     4502.003     4597.569
201  TNe+G4        2230.161     22  4504.323     4506.032     4601.598
203  TNe+R2        2228.654     23  4503.308     4505.176     4605.006
WARNING: Number of threads seems too high for short alignments. Use -T AUTO to determine best number of threads.
222  TN+I          2228.147     22  4500.293     4502.003     4597.569
WARNING: Number of threads seems too high for short alignments. Use -T AUTO to determine best number of threads.
223  TN+G4         2230.161     22  4504.323     4506.032     4601.599
WARNING: Number of threads seems too high for short alignments. Use -T AUTO to determine best number of threads.
225  TN+R2         2228.638     23  4503.276     4505.144     4604.973
WARNING: Number of threads seems too high for short alignments. Use -T AUTO to determine best number of threads.
244  TN+F+I        2067.705     25  4185.410     4187.617     4295.951
WARNING: Number of threads seems too high for short alignments. Use -T AUTO to determine best number of threads.
245  TN+F+G4       2068.514     25  4187.028     4189.235     4297.568
WARNING: Number of threads seems too high for short alignments. Use -T AUTO to determine best number of threads.
247  TN+F+R2       2067.790     26  4187.580     4189.967     4302.542
WARNING: Number of threads seems too high for short alignments. Use -T AUTO to determine best number of threads.
266  K3P+I         2183.076     22  4410.152     4411.861     4507.427
WARNING: Number of threads seems too high for short alignments. Use -T AUTO to determine best number of threads.
267  K3P+G4        2184.119     22  4412.238     4413.947     4509.514
WARNING: Number of threads seems too high for short alignments. Use -T AUTO to determine best number of threads.
269  K3P+R2        2183.143     23  4412.286     4414.154     4513.983
288  K3P+I         2183.076     22  4410.152     4411.861     4507.427
289  K3P+G4        2184.119     22  4412.238     4413.947     4509.514
291  K3P+R2        2183.143     23  4412.286     4414.154     4513.983
WARNING: Number of threads seems too high for short alignments. Use -T AUTO to determine best number of threads.
310  K3Pu+I        2183.066     22  4410.132     4411.842     4507.408
WARNING: Number of threads seems too high for short alignments. Use -T AUTO to determine best number of threads.
311  K3Pu+G4       2184.113     22  4412.227     4413.936     4509.503
WARNING: Number of threads seems too high for short alignments. Use -T AUTO to determine best number of threads.
313  K3Pu+R2       2183.140     23  4412.280     4414.148     4513.977
WARNING: Number of threads seems too high for short alignments. Use -T AUTO to determine best number of threads.
332  K3Pu+F+I      2058.038     25  4166.077     4168.284     4276.617
WARNING: Number of threads seems too high for short alignments. Use -T AUTO to determine best number of threads.
333  K3Pu+F+G4     2056.850     25  4163.700     4165.907     4274.241
WARNING: Number of threads seems too high for short alignments. Use -T AUTO to determine best number of threads.
335  K3Pu+F+R2     2057.178     26  4166.357     4168.745     4281.319
WARNING: Number of threads seems too high for short alignments. Use -T AUTO to determine best number of threads.
354  TPM2+I        2220.489     22  4484.978     4486.687     4582.254
WARNING: Number of threads seems too high for short alignments. Use -T AUTO to determine best number of threads.
355  TPM2+G4       2220.795     22  4485.589     4487.299     4582.865
WARNING: Number of threads seems too high for short alignments. Use -T AUTO to determine best number of threads.
357  TPM2+R2       2220.332     23  4486.664     4488.532     4588.361
376  TPM2+I        2220.489     22  4484.978     4486.687     4582.254
377  TPM2+G4       2220.795     22  4485.589     4487.299     4582.865
379  TPM2+R2       2220.332     23  4486.664     4488.532     4588.361
WARNING: Number of threads seems too high for short alignments. Use -T AUTO to determine best number of threads.
398  TPM2u+I       2220.489     22  4484.979     4486.688     4582.254
WARNING: Number of threads seems too high for short alignments. Use -T AUTO to determine best number of threads.
399  TPM2u+G4      2220.795     22  4485.589     4487.299     4582.865
WARNING: Number of threads seems too high for short alignments. Use -T AUTO to determine best number of threads.
401  TPM2u+R2      2220.331     23  4486.662     4488.530     4588.359
WARNING: Number of threads seems too high for short alignments. Use -T AUTO to determine best number of threads.
420  TPM2u+F+I     2068.723     25  4187.446     4189.653     4297.986
WARNING: Number of threads seems too high for short alignments. Use -T AUTO to determine best number of threads.
421  TPM2u+F+G4    2067.749     25  4185.499     4187.706     4296.039
WARNING: Number of threads seems too high for short alignments. Use -T AUTO to determine best number of threads.
423  TPM2u+F+R2    2067.864     26  4187.727     4190.115     4302.689
WARNING: Number of threads seems too high for short alignments. Use -T AUTO to determine best number of threads.
442  TPM3+I        2180.832     22  4405.665     4407.374     4502.941
WARNING: Number of threads seems too high for short alignments. Use -T AUTO to determine best number of threads.
443  TPM3+G4       2182.630     22  4409.261     4410.970     4506.537
WARNING: Number of threads seems too high for short alignments. Use -T AUTO to determine best number of threads.
445  TPM3+R2       2181.255     23  4408.509     4410.377     4510.206
464  TPM3+I        2180.832     22  4405.665     4407.374     4502.941
465  TPM3+G4       2182.630     22  4409.261     4410.970     4506.537
467  TPM3+R2       2181.255     23  4408.509     4410.377     4510.206
WARNING: Number of threads seems too high for short alignments. Use -T AUTO to determine best number of threads.
486  TPM3u+I       2180.832     22  4405.665     4407.374     4502.940
WARNING: Number of threads seems too high for short alignments. Use -T AUTO to determine best number of threads.
487  TPM3u+G4      2182.630     22  4409.261     4410.970     4506.536
WARNING: Number of threads seems too high for short alignments. Use -T AUTO to determine best number of threads.
489  TPM3u+R2      2181.253     23  4408.507     4410.375     4510.204
WARNING: Number of threads seems too high for short alignments. Use -T AUTO to determine best number of threads.
508  TPM3u+F+I     2060.578     25  4171.157     4173.364     4281.697
WARNING: Number of threads seems too high for short alignments. Use -T AUTO to determine best number of threads.
509  TPM3u+F+G4    2061.925     25  4173.851     4176.058     4284.391
WARNING: Number of threads seems too high for short alignments. Use -T AUTO to determine best number of threads.
511  TPM3u+F+R2    2060.966     26  4173.933     4176.320     4288.895
WARNING: Number of threads seems too high for short alignments. Use -T AUTO to determine best number of threads.
530  TIMe+I        2172.625     23  4391.250     4393.118     4492.947
WARNING: Number of threads seems too high for short alignments. Use -T AUTO to determine best number of threads.
531  TIMe+G4       2173.262     23  4392.524     4394.392     4494.222
WARNING: Number of threads seems too high for short alignments. Use -T AUTO to determine best number of threads.
533  TIMe+R2       2172.501     24  4393.003     4395.037     4499.122
552  TIMe+I        2172.625     23  4391.250     4393.118     4492.947
553  TIMe+G4       2173.262     23  4392.524     4394.392     4494.222
555  TIMe+R2       2172.501     24  4393.003     4395.037     4499.122
WARNING: Number of threads seems too high for short alignments. Use -T AUTO to determine best number of threads.
574  TIM+I         2172.625     23  4391.250     4393.118     4492.947
WARNING: Number of threads seems too high for short alignments. Use -T AUTO to determine best number of threads.
575  TIM+G4        2173.262     23  4392.524     4394.392     4494.221
WARNING: Number of threads seems too high for short alignments. Use -T AUTO to determine best number of threads.
577  TIM+R2        2172.500     24  4392.999     4395.033     4499.118
WARNING: Number of threads seems too high for short alignments. Use -T AUTO to determine best number of threads.
596  TIM+F+I       2051.157     26  4154.314     4156.702     4269.276
WARNING: Number of threads seems too high for short alignments. Use -T AUTO to determine best number of threads.
597  TIM+F+G4      2049.581     26  4151.163     4153.551     4266.125
WARNING: Number of threads seems too high for short alignments. Use -T AUTO to determine best number of threads.
599  TIM+F+R2      2049.861     27  4153.721     4156.297     4273.105
WARNING: Number of threads seems too high for short alignments. Use -T AUTO to determine best number of threads.
618  TIM2e+I       2208.628     23  4463.256     4465.124     4564.954
WARNING: Number of threads seems too high for short alignments. Use -T AUTO to determine best number of threads.
619  TIM2e+G4      2207.381     23  4460.762     4462.630     4562.459
WARNING: Number of threads seems too high for short alignments. Use -T AUTO to determine best number of threads.
621  TIM2e+R2      2207.427     24  4462.854     4464.888     4568.973
640  TIM2e+I       2208.628     23  4463.256     4465.124     4564.954
641  TIM2e+G4      2207.381     23  4460.762     4462.630     4562.459
643  TIM2e+R2      2207.427     24  4462.854     4464.888     4568.973
WARNING: Number of threads seems too high for short alignments. Use -T AUTO to determine best number of threads.
662  TIM2+I        2208.628     23  4463.256     4465.124     4564.954
WARNING: Number of threads seems too high for short alignments. Use -T AUTO to determine best number of threads.
663  TIM2+G4       2207.380     23  4460.761     4462.629     4562.458
WARNING: Number of threads seems too high for short alignments. Use -T AUTO to determine best number of threads.
665  TIM2+R2       2207.412     24  4462.824     4464.857     4568.942
WARNING: Number of threads seems too high for short alignments. Use -T AUTO to determine best number of threads.
684  TIM2+F+I      2063.704     26  4179.409     4181.796     4294.371
WARNING: Number of threads seems too high for short alignments. Use -T AUTO to determine best number of threads.
685  TIM2+F+G4     2062.198     26  4176.397     4178.785     4291.359
WARNING: Number of threads seems too high for short alignments. Use -T AUTO to determine best number of threads.
687  TIM2+F+R2     2062.550     27  4179.100     4181.676     4298.484
WARNING: Number of threads seems too high for short alignments. Use -T AUTO to determine best number of threads.
706  TIM3e+I       2173.377     23  4392.754     4394.622     4494.451
WARNING: Number of threads seems too high for short alignments. Use -T AUTO to determine best number of threads.
707  TIM3e+G4      2175.563     23  4397.127     4398.995     4498.824
WARNING: Number of threads seems too high for short alignments. Use -T AUTO to determine best number of threads.
709  TIM3e+R2      2174.112     24  4396.225     4398.259     4502.344
728  TIM3e+I       2173.377     23  4392.754     4394.622     4494.451
729  TIM3e+G4      2175.563     23  4397.127     4398.995     4498.824
731  TIM3e+R2      2174.112     24  4396.225     4398.259     4502.344
WARNING: Number of threads seems too high for short alignments. Use -T AUTO to determine best number of threads.
750  TIM3+I        2173.377     23  4392.754     4394.622     4494.451
WARNING: Number of threads seems too high for short alignments. Use -T AUTO to determine best number of threads.
751  TIM3+G4       2175.564     23  4397.127     4398.995     4498.825
WARNING: Number of threads seems too high for short alignments. Use -T AUTO to determine best number of threads.
753  TIM3+R2       2174.089     24  4396.179     4398.213     4502.298
WARNING: Number of threads seems too high for short alignments. Use -T AUTO to determine best number of threads.
772  TIM3+F+I      2053.366     26  4158.731     4161.119     4273.694
WARNING: Number of threads seems too high for short alignments. Use -T AUTO to determine best number of threads.
773  TIM3+F+G4     2054.629     26  4161.257     4163.645     4276.220
WARNING: Number of threads seems too high for short alignments. Use -T AUTO to determine best number of threads.
775  TIM3+F+R2     2053.594     27  4161.187     4163.763     4280.571
WARNING: Number of threads seems too high for short alignments. Use -T AUTO to determine best number of threads.
794  TVMe+I        2152.112     24  4352.223     4354.257     4458.342
WARNING: Number of threads seems too high for short alignments. Use -T AUTO to determine best number of threads.
795  TVMe+G4       2152.767     24  4353.534     4355.568     4459.653
WARNING: Number of threads seems too high for short alignments. Use -T AUTO to determine best number of threads.
797  TVMe+R2       2152.017     25  4354.035     4356.242     4464.575
816  TVMe+I        2152.112     24  4352.223     4354.257     4458.342
817  TVMe+G4       2152.767     24  4353.534     4355.568     4459.653
819  TVMe+R2       2152.017     25  4354.035     4356.242     4464.575
WARNING: Number of threads seems too high for short alignments. Use -T AUTO to determine best number of threads.
838  TVM+I         2152.106     24  4352.211     4354.245     4458.330
WARNING: Number of threads seems too high for short alignments. Use -T AUTO to determine best number of threads.
839  TVM+G4        2152.767     24  4353.534     4355.568     4459.653
WARNING: Number of threads seems too high for short alignments. Use -T AUTO to determine best number of threads.
841  TVM+R2        2152.011     25  4354.022     4356.230     4464.563
WARNING: Number of threads seems too high for short alignments. Use -T AUTO to determine best number of threads.
860  TVM+F+I       2052.647     27  4159.295     4161.870     4278.678
WARNING: Number of threads seems too high for short alignments. Use -T AUTO to determine best number of threads.
861  TVM+F+G4      2052.078     27  4158.156     4160.732     4277.540
WARNING: Number of threads seems too high for short alignments. Use -T AUTO to determine best number of threads.
863  TVM+F+R2      2052.032     28  4160.065     4162.836     4283.870
WARNING: Number of threads seems too high for short alignments. Use -T AUTO to determine best number of threads.
882  SYM+I         2142.280     25  4334.560     4336.767     4445.100
WARNING: Number of threads seems too high for short alignments. Use -T AUTO to determine best number of threads.
883  SYM+G4        2141.945     25  4333.890     4336.097     4444.431
WARNING: Number of threads seems too high for short alignments. Use -T AUTO to determine best number of threads.
885  SYM+R2        2141.710     26  4335.420     4337.807     4450.382
904  SYM+I         2142.280     25  4334.560     4336.767     4445.100
905  SYM+G4        2141.945     25  4333.890     4336.097     4444.431
907  SYM+R2        2141.710     26  4335.420     4337.807     4450.382
WARNING: Number of threads seems too high for short alignments. Use -T AUTO to determine best number of threads.
926  GTR+I         2142.278     25  4334.556     4336.763     4445.096
WARNING: Number of threads seems too high for short alignments. Use -T AUTO to determine best number of threads.
927  GTR+G4        2141.945     25  4333.890     4336.097     4444.430
WARNING: Number of threads seems too high for short alignments. Use -T AUTO to determine best number of threads.
929  GTR+R2        2141.705     26  4335.410     4337.797     4450.372
WARNING: Number of threads seems too high for short alignments. Use -T AUTO to determine best number of threads.
948  GTR+F+I       2045.018     28  4146.037     4148.808     4269.842
WARNING: Number of threads seems too high for short alignments. Use -T AUTO to determine best number of threads.
949  GTR+F+G4      2044.047     28  4144.094     4146.866     4267.900
WARNING: Number of threads seems too high for short alignments. Use -T AUTO to determine best number of threads.
951  GTR+F+R2      2044.019     29  4146.037     4149.012     4274.264
Akaike Information Criterion:           GTR+F+G4
Corrected Akaike Information Criterion: GTR+F+G4
Bayesian Information Criterion:         TIM+F+G4
Best-fit model: TIM+F+G4 chosen according to BIC

All model information printed to ml2\trees\M14005.model.gz
CPU time for ModelFinder: 96.312 seconds (0h:1m:36s)
Wall-clock time for ModelFinder: 49.764 seconds (0h:0m:49s)
Generating 1000 samples for ultrafast bootstrap (seed: 236533)...

NOTE: 0 MB RAM (0 GB) is required!
WARNING: Number of threads seems too high for short alignments. Use -T AUTO to determine best number of threads.
Estimate model parameters (epsilon = 0.100)
1. Initial log-likelihood: -2052.406
2. Current log-likelihood: -2049.640
Optimal log-likelihood: -2049.580
Rate parameters:  A-C: 1.00000  A-G: 15.59377  A-T: 7.75908  C-G: 7.75908  C-T: 5.24179  G-T: 1.00000
Base frequencies:  A: 0.303  C: 0.099  G: 0.147  T: 0.450
Gamma shape alpha: 0.324
Parameters optimization took 2 rounds (0.061 sec)
Wrote distance file to... 
Computing ML distances based on estimated model parameters...
Calculating distance matrix: done in 0.0012202 secs
Computing ML distances took 0.028592 sec (of wall-clock time) 0.015625 sec (of CPU time)
Setting up auxiliary I and S matrices: done in 0.0001052 secs
Constructing RapidNJ tree: done in 0.0001827 secs
Computing RapidNJ tree took 0.021033 sec (of wall-clock time) 0.000000 sec (of CPU time)
Log-likelihood of RapidNJ tree: -2052.239
--------------------------------------------------------------------
|             INITIALIZING CANDIDATE TREE SET                      |
--------------------------------------------------------------------
Generating 98 parsimony trees... 0.136 second
Computing log-likelihood of 96 initial trees ... 0.105 seconds
Current best score: -2049.580

Do NNI search on 20 best initial trees
Estimate model parameters (epsilon = 0.100)
BETTER TREE FOUND at iteration 1: -2049.491
UPDATE BEST LOG-LIKELIHOOD: -2049.491
Iteration 10 / LogL: -2049.491 / Time: 0h:0m:50s
UPDATE BEST LOG-LIKELIHOOD: -2049.491
UPDATE BEST LOG-LIKELIHOOD: -2049.491
UPDATE BEST LOG-LIKELIHOOD: -2049.491
Iteration 20 / LogL: -2049.491 / Time: 0h:0m:50s
Finish initializing candidate tree set (2)
Current best tree score: -2049.491 / CPU time: 0.881
Number of iterations: 20
--------------------------------------------------------------------
|               OPTIMIZING CANDIDATE TREE SET                      |
--------------------------------------------------------------------
Iteration 30 / LogL: -2049.492 / Time: 0h:0m:51s (0h:0m:4s left)
Iteration 40 / LogL: -2049.491 / Time: 0h:0m:51s (0h:0m:3s left)
Iteration 50 / LogL: -2049.492 / Time: 0h:0m:52s (0h:0m:2s left)
Iteration 60 / LogL: -2049.492 / Time: 0h:0m:52s (0h:0m:2s left)
UPDATE BEST LOG-LIKELIHOOD: -2049.491
Iteration 70 / LogL: -2049.491 / Time: 0h:0m:53s (0h:0m:1s left)
Iteration 80 / LogL: -2049.491 / Time: 0h:0m:53s (0h:0m:1s left)
Iteration 90 / LogL: -2049.491 / Time: 0h:0m:54s (0h:0m:0s left)
UPDATE BEST LOG-LIKELIHOOD: -2049.491
Iteration 100 / LogL: -2050.259 / Time: 0h:0m:54s (0h:0m:0s left)
Refining ufboot trees with NNI 1 branch...
100 samples done
200 samples done
300 samples done
400 samples done
500 samples done
600 samples done
700 samples done
800 samples done
900 samples done
1000 samples done
Total 775 ufboot trees refined
TREE SEARCH COMPLETED AFTER 102 ITERATIONS / Time: 0h:1m:22s

--------------------------------------------------------------------
|                    FINALIZING TREE SEARCH                        |
--------------------------------------------------------------------
Performs final model parameters optimization
Estimate model parameters (epsilon = 0.010)
1. Initial log-likelihood: -2049.491
Optimal log-likelihood: -2049.490
Rate parameters:  A-C: 1.00000  A-G: 15.61311  A-T: 7.72541  C-G: 7.72541  C-T: 5.32812  G-T: 1.00000
Base frequencies:  A: 0.303  C: 0.099  G: 0.147  T: 0.450
Gamma shape alpha: 0.323
Parameters optimization took 1 rounds (0.049 sec)
BEST SCORE FOUND : -2049.490
Creating bootstrap support values...
Split supports printed to NEXUS file ml2\trees\M14005.splits.nex
Total tree length: 0.764

Total number of iterations: 102
CPU time used for tree search: 59.156 sec (0h:0m:59s)
Wall-clock time used for tree search: 31.996 sec (0h:0m:31s)
Total CPU time used: 156.234 sec (0h:2m:36s)
Total wall-clock time used: 82.447 sec (0h:1m:22s)
UFBoot trees printed to ml2\trees\M14005.ufboot

Computing bootstrap consensus tree...
Reading input file ml2\trees\M14005.splits.nex...
11 taxa and 59 splits.
Consensus tree written to ml2\trees\M14005.contree
Reading input trees file ml2\trees\M14005.contree
Log-likelihood of consensus tree: -2049.493

Analysis results written to: 
  IQ-TREE report:                ml2\trees\M14005.iqtree
  Maximum-likelihood tree:       ml2\trees\M14005.treefile
  Likelihood distances:          ml2\trees\M14005.mldist

Ultrafast bootstrap approximation results written to:
  Split support values:          ml2\trees\M14005.splits.nex
  Consensus tree:                ml2\trees\M14005.contree
  UFBoot trees:                  ml2\trees\M14005.ufboot
  Screen log file:               ml2\trees\M14005.log

Date and Time: Mon May 04 12:49:52 2026
