IQ-TREE version 3.1.1 for Windows 64-bit built Apr  2 2026
Developed by Bui Quang Minh, Thomas Wong, Nhan Ly-Trong, Huaiyan Ren
Contributed by Lam-Tung Nguyen, Dominik Schrempf, Chris Bielow,
Olga Chernomor, Michael Woodhams, Diep Thi Hoang, Heiko Schmidt

Host:    DESKTOP-I0VDDLU (AVX2, FMA3, 15 GB RAM)
Command: iqtree-3.1.1-Windows\bin\iqtree3.exe -s ml2\datasets\M23990.nex -m MFP -B 1000 -bnni -T AUTO --prefix ml2\trees\M23990 --redo
Seed:    120397 (Using SPRNG - Scalable Parallel Random Number Generator)
Time:    Mon May 04 13:11:15 2026
Kernel:  AVX+FMA - auto-detect threads (16 CPU cores detected)

Reading alignment file ml2\datasets\M23990.nex ... Nexus format detected
Skipping unknown block (CODONS)...
Alignment has 44 sequences with 676 columns, 232 distinct patterns
170 parsimony-informative, 65 singleton sites, 440 constant sites
                            Gap/Ambiguity  Composition  p-value
Analyzing sequences: done in 0.0001742 secs
   1  Enicospilus_3901              0.00%    passed     90.66%
   2  Ophion_3902                   0.00%    passed     76.35%
   3  Ophion_3957                   0.00%    passed     85.19%
   4  Ophion_5559                   0.15%    passed      7.11%
   5  Ophion_5566                   0.00%    passed     97.77%
   6  Ophion_5742                   0.00%    passed     96.91%
   7  Ophion_6501                   6.66%    passed     77.72%
   8  Ophion_6550                   0.00%    passed     38.40%
   9  Ophion_aureus_3911            0.00%    passed     84.53%
  10  Ophion_aureus_3961            1.04%    passed     84.21%
  11  Ophion_brevipunctatus_3939    0.15%    passed     93.87%
  12  Ophion_clave_6944             0.00%    passed     85.98%
  13  Ophion_clave_7381             0.00%    passed     88.18%
  14  Ophion_clave_7382             0.00%    passed     88.18%
  15  Ophion_clave_7383             0.00%    passed     87.42%
  16  Ophion_clave_7391             0.00%    passed     84.00%
  17  Ophion_dombroskii_6548        0.00%    passed     93.79%
  18  Ophion_idoneus_3908           0.00%    passed     96.03%
  19  Ophion_idoneus_3910           0.00%    passed     97.72%
  20  Ophion_idoneus_3933           0.15%    passed     97.24%
  21  Ophion_idoneus_3950           0.00%    passed     97.72%
  22  Ophion_idoneus_3974           0.00%    passed     97.72%
  23  Ophion_idoneus_3976           0.00%    passed     97.72%
  24  Ophion_idoneus_3977           0.00%    passed     96.03%
  25  Ophion_idoneus_5551           0.00%    passed     97.72%
  26  Ophion_idoneus_5552           0.00%    passed     97.72%
  27  Ophion_idoneus_5554           0.00%    passed     97.72%
  28  Ophion_idoneus_5717           0.00%    passed     97.72%
  29  Ophion_idoneus_6551           0.00%    passed     97.72%
  30  Ophion_idoneus_6552           0.00%    passed     97.72%
  31  Ophion_importunus_6907        0.00%    passed     93.82%
  32  Ophion_keala_3904             0.00%    passed     98.51%
  33  Ophion_keala_3960             0.00%    passed     97.44%
  34  Ophion_keala_3965             0.00%    passed     99.22%
  35  Ophion_keala_3980             0.00%    passed     97.65%
  36  Ophion_keala_6515             0.15%    passed     97.81%
  37  Ophion_keala_7324             0.00%    passed     99.32%
  38  Ophion_keala_7327             0.00%    passed     96.98%
  39  Ophion_minutus_6913           0.00%    passed     62.55%
  40  Ophion_scutellaris_A_6914     0.00%    passed     96.81%
  41  Ophion_scutellaris_A_7515     0.00%    passed     96.81%
  42  Ophion_scutellaris_A_7524    14.50%    passed     70.47%
  43  Ophion_scutellaris_A_7558     2.66%    passed     83.45%
  44  Ophion_scutellaris_B_7519     0.00%    passed     97.10%
****  TOTAL                         0.58%  0 sequences failed composition chi2 test (p-value<5%; df=3)
NOTE: Ophion_idoneus_3950 is identical to Ophion_idoneus_3910 but kept for subsequent analysis
NOTE: Ophion_scutellaris_A_7515 is identical to Ophion_scutellaris_A_6914 but kept for subsequent analysis
Checking for duplicate sequences: done in 0.0210016 secs using 892.8% CPU
Identifying sites to remove: done in 0.0019474 secs
NOTE: 8 identical sequences (see below) will be ignored for subsequent analysis
NOTE: Ophion_idoneus_3974 (identical to Ophion_idoneus_3910) is ignored but added at the end
NOTE: Ophion_idoneus_3976 (identical to Ophion_idoneus_3910) is ignored but added at the end
NOTE: Ophion_idoneus_5551 (identical to Ophion_idoneus_3910) is ignored but added at the end
NOTE: Ophion_idoneus_5552 (identical to Ophion_idoneus_3910) is ignored but added at the end
NOTE: Ophion_idoneus_5554 (identical to Ophion_idoneus_3910) is ignored but added at the end
NOTE: Ophion_idoneus_5717 (identical to Ophion_idoneus_3910) is ignored but added at the end
NOTE: Ophion_idoneus_6551 (identical to Ophion_idoneus_3910) is ignored but added at the end
NOTE: Ophion_idoneus_6552 (identical to Ophion_idoneus_3910) is ignored but added at the end
Alignment was printed to ml2\trees\M23990.uniqueseq.phy

For your convenience alignment with unique sequences printed to ml2\trees\M23990.uniqueseq.phy


Create initial parsimony tree by phylogenetic likelihood library (PLL)... 0.012 seconds
Measuring multi-threading efficiency up to 16 CPU cores
Increase to 10 rounds for branch lengths
528 trees examined
Threads: 1 / Time: 16.001 sec / Speedup: 1.000 / Efficiency: 100% / LogL: -5829
Threads: 2 / Time: 13.233 sec / Speedup: 1.209 / Efficiency: 60% / LogL: -5829
Threads: 3 / Time: 12.586 sec / Speedup: 1.271 / Efficiency: 42% / LogL: -5829
Determining AUTO threadcount: done in 41.8555 secs using 194.3% CPU
BEST NUMBER OF THREADS: 2

Perform fast likelihood tree search using GTR+I+G model...
Estimate model parameters (epsilon = 5.000)
Perform nearest neighbor interchange...
Estimate model parameters (epsilon = 1.000)
1. Initial log-likelihood: -3545.568
Optimal log-likelihood: -3544.925
Rate parameters:  A-C: 2.13519  A-G: 4.49017  A-T: 1.85115  C-G: 1.22156  C-T: 17.77962  G-T: 1.00000
Base frequencies:  A: 0.347  C: 0.144  G: 0.124  T: 0.385
Proportion of invariable sites: 0.337
Gamma shape alpha: 0.384
Parameters optimization took 1 rounds (0.085 sec)
Time for fast ML tree search: 0.317 seconds

NOTE: ModelFinder requires 3 MB RAM!
ModelFinder will test up to 968 DNA models (sample size: 676 epsilon: 0.100) ...
 No. Model         -LnL         df  AIC          AICc         BIC
  1  JC            4087.645     69  8313.290     8329.231     8624.908
  2  JC+I          3848.194     70  7836.387     7852.817     8152.521
  3  JC+G4         3823.213     70  7786.426     7802.856     8102.560
  4  JC+I+G4       3816.293     71  7774.586     7791.513     8095.236
  5  JC+R2         3824.110     71  7790.220     7807.148     8110.870
  6  JC+R3         3810.112     73  7766.225     7784.172     8095.907
  7  JC+R4         3809.563     75  7769.127     7788.127     8107.841
 14  JC+I+R2       3809.862     72  7763.725     7781.158     8088.891
 15  JC+I+R3       3809.610     74  7767.220     7785.689     8101.418
 26  JC+I+G4       3816.293     71  7774.586     7791.513     8095.236
 28  JC+R3         3810.112     73  7766.225     7784.172     8095.907
 36  JC+I+R2       3809.862     72  7763.725     7781.158     8088.891
 48  F81+I+G4      3816.152     71  7774.303     7791.230     8094.953
 50  F81+R3        3809.945     73  7765.890     7783.837     8095.573
 58  F81+I+R2      3809.827     72  7763.653     7781.086     8088.819
 70  F81+F+I+G4    3719.099     74  7586.198     7604.667     7920.396
 72  F81+F+R3      3713.680     76  7579.359     7598.899     7922.590
 80  F81+F+I+R2    3714.143     75  7578.286     7597.286     7917.000
 92  K2P+I+G4      3751.065     72  7646.130     7663.563     7971.296
 94  K2P+R3        3742.404     74  7632.808     7651.277     7967.006
102  K2P+I+R2      3742.101     73  7630.201     7648.148     7959.883
114  K2P+I+G4      3751.065     72  7646.130     7663.563     7971.296
116  K2P+R3        3742.404     74  7632.808     7651.277     7967.006
124  K2P+I+R2      3742.101     73  7630.201     7648.148     7959.883
136  HKY+I+G4      3750.886     72  7645.772     7663.205     7970.938
138  HKY+R3        3742.277     74  7632.553     7651.022     7966.751
146  HKY+I+R2      3742.096     73  7630.192     7648.138     7959.874
158  HKY+F+I+G4    3569.520     75  7289.039     7308.039     7627.754
160  HKY+F+R3      3563.622     77  7281.245     7301.332     7628.992
168  HKY+F+I+R2    3563.179     76  7278.358     7297.898     7621.589
180  TNe+I+G4      3709.133     73  7564.266     7582.213     7893.948
182  TNe+R3        3700.411     75  7550.822     7569.822     7889.536
190  TNe+I+R2      3700.587     74  7549.175     7567.644     7883.373
202  TNe+I+G4      3709.133     73  7564.266     7582.213     7893.948
204  TNe+R3        3700.411     75  7550.822     7569.822     7889.536
212  TNe+I+R2      3700.587     74  7549.175     7567.644     7883.373
224  TN+I+G4       3709.096     73  7564.192     7582.139     7893.874
226  TN+R3         3700.386     75  7550.773     7569.773     7889.487
234  TN+I+R2       3700.581     74  7549.162     7567.631     7883.360
246  TN+F+I+G4     3544.646     76  7241.292     7260.832     7584.523
248  TN+F+R3       3538.401     78  7232.801     7253.445     7585.065
256  TN+F+I+R2     3541.456     77  7236.911     7256.998     7584.658
268  K3P+I+G4      3718.989     73  7583.979     7601.926     7913.661
270  K3P+R3        3712.547     75  7575.093     7594.093     7913.808
278  K3P+I+R2      3712.744     74  7573.488     7591.958     7907.687
290  K3P+I+G4      3718.989     73  7583.979     7601.926     7913.661
292  K3P+R3        3712.547     75  7575.093     7594.093     7913.808
300  K3P+I+R2      3712.744     74  7573.488     7591.958     7907.687
312  K3Pu+I+G4     3718.907     73  7583.814     7601.761     7913.496
314  K3Pu+R3       3712.489     75  7574.978     7593.978     7913.693
322  K3Pu+I+R2     3712.736     74  7573.473     7591.942     7907.671
334  K3Pu+F+I+G4   3569.452     76  7290.904     7310.443     7634.135
336  K3Pu+F+R3     3563.571     78  7283.142     7303.785     7635.405
344  K3Pu+F+I+R2   3563.047     77  7280.093     7300.180     7627.840
356  TPM2+I+G4     3709.640     73  7565.280     7583.227     7894.962
358  TPM2+R3       3701.963     75  7553.925     7572.925     7892.640
366  TPM2+I+R2     3704.123     74  7556.246     7574.715     7890.445
378  TPM2+I+G4     3709.640     73  7565.280     7583.227     7894.962
380  TPM2+R3       3701.963     75  7553.925     7572.925     7892.640
388  TPM2+I+R2     3704.123     74  7556.246     7574.715     7890.445
400  TPM2u+I+G4    3709.613     73  7565.226     7583.172     7894.908
402  TPM2u+R3      3701.941     75  7553.881     7572.881     7892.596
410  TPM2u+I+R2    3704.107     74  7556.214     7574.683     7890.412
422  TPM2u+F+I+G4  3567.813     76  7287.625     7307.165     7630.856
424  TPM2u+F+R3    3562.138     78  7280.276     7300.920     7632.539
432  TPM2u+F+I+R2  3561.764     77  7277.528     7297.615     7625.275
444  TPM3+I+G4     3741.299     73  7628.598     7646.545     7958.281
446  TPM3+R3       3732.743     75  7615.486     7634.486     7954.201
454  TPM3+I+R2     3732.279     74  7612.558     7631.028     7946.757
466  TPM3+I+G4     3741.299     73  7628.598     7646.545     7958.281
468  TPM3+R3       3732.743     75  7615.486     7634.486     7954.201
476  TPM3+I+R2     3732.279     74  7612.558     7631.028     7946.757
488  TPM3u+I+G4    3741.206     73  7628.413     7646.360     7958.095
490  TPM3u+R3      3732.639     75  7615.277     7634.277     7953.992
498  TPM3u+I+R2    3732.276     74  7612.551     7631.020     7946.750
510  TPM3u+F+I+G4  3569.487     76  7290.973     7310.513     7634.204
512  TPM3u+F+R3    3563.617     78  7283.234     7303.878     7635.497
520  TPM3u+F+I+R2  3563.181     77  7280.362     7300.449     7628.109
532  TIMe+I+G4     3678.076     74  7504.152     7522.621     7838.350
534  TIMe+R3       3670.929     76  7493.859     7513.398     7837.089
542  TIMe+I+R2     3671.026     75  7492.052     7511.052     7830.766
554  TIMe+I+G4     3678.076     74  7504.152     7522.621     7838.350
556  TIMe+R3       3670.929     76  7493.859     7513.398     7837.089
564  TIMe+I+R2     3671.026     75  7492.052     7511.052     7830.766
576  TIM+I+G4      3678.027     74  7504.054     7522.523     7838.252
578  TIM+R3        3670.905     76  7493.810     7513.349     7837.041
586  TIM+I+R2      3671.018     75  7492.036     7511.036     7830.750
598  TIM+F+I+G4    3544.383     77  7242.766     7262.853     7590.513
600  TIM+F+R3      3537.860     79  7233.720     7254.928     7590.500
608  TIM+F+I+R2    3540.870     78  7237.740     7258.383     7590.003
620  TIM2e+I+G4    3675.922     74  7499.845     7518.314     7834.043
622  TIM2e+R3      3666.346     76  7484.692     7504.232     7827.923
630  TIM2e+I+R2    3666.700     75  7483.400     7502.400     7822.115
642  TIM2e+I+G4    3675.922     74  7499.845     7518.314     7834.043
644  TIM2e+R3      3666.346     76  7484.692     7504.232     7827.923
652  TIM2e+I+R2    3666.700     75  7483.400     7502.400     7822.115
664  TIM2+I+G4     3675.852     74  7499.704     7518.173     7833.902
666  TIM2+R3       3666.340     76  7484.680     7504.219     7827.910
674  TIM2+I+R2     3666.698     75  7483.396     7502.396     7822.111
686  TIM2+F+I+G4   3542.260     77  7238.520     7258.607     7586.267
688  TIM2+F+R3     3535.326     79  7228.653     7249.861     7585.432
696  TIM2+F+I+R2   3538.361     78  7232.723     7253.366     7584.986
708  TIM3e+I+G4    3697.269     74  7542.539     7561.008     7876.737
710  TIM3e+R3      3688.158     76  7528.317     7547.856     7871.548
718  TIM3e+I+R2    3688.282     75  7526.564     7545.564     7865.279
730  TIM3e+I+G4    3697.269     74  7542.539     7561.008     7876.737
732  TIM3e+R3      3688.158     76  7528.317     7547.856     7871.548
740  TIM3e+I+R2    3688.282     75  7526.564     7545.564     7865.279
752  TIM3+I+G4     3697.174     74  7542.348     7560.817     7876.546
754  TIM3+R3       3688.133     76  7528.266     7547.806     7871.497
762  TIM3+I+R2     3688.280     75  7526.560     7545.560     7865.274
774  TIM3+F+I+G4   3544.318     77  7242.636     7262.723     7590.383
776  TIM3+F+R3     3538.044     79  7234.089     7255.297     7590.868
784  TIM3+F+I+R2   3541.424     78  7238.848     7259.491     7591.111
796  TVMe+I+G4     3694.992     75  7539.984     7558.984     7878.698
798  TVMe+R3       3687.167     77  7528.333     7548.420     7876.080
806  TVMe+I+R2     3688.651     76  7529.301     7548.840     7872.532
818  TVMe+I+G4     3694.992     75  7539.984     7558.984     7878.698
820  TVMe+R3       3687.167     77  7528.333     7548.420     7876.080
828  TVMe+I+R2     3688.651     76  7529.301     7548.840     7872.532
840  TVM+I+G4      3694.897     75  7539.794     7558.794     7878.509
842  TVM+R3        3687.139     77  7528.278     7548.365     7876.025
850  TVM+I+R2      3688.645     76  7529.290     7548.829     7872.521
862  TVM+F+I+G4    3567.614     78  7291.228     7311.872     7643.491
864  TVM+F+R3      3561.879     80  7283.758     7305.539     7645.053
872  TVM+F+I+R2    3561.707     79  7281.414     7302.622     7638.194
884  SYM+I+G4      3657.561     76  7467.122     7486.662     7810.353
886  SYM+R3        3648.264     78  7452.528     7473.171     7804.791
894  SYM+I+R2      3648.505     77  7451.010     7471.097     7798.757
906  SYM+I+G4      3657.561     76  7467.122     7486.662     7810.353
908  SYM+R3        3648.264     78  7452.528     7473.171     7804.791
916  SYM+I+R2      3648.505     77  7451.010     7471.097     7798.757
928  GTR+I+G4      3657.482     76  7466.963     7486.503     7810.194
930  GTR+R3        3648.251     78  7452.501     7473.145     7804.765
938  GTR+I+R2      3648.498     77  7450.996     7471.083     7798.743
950  GTR+F+I+G4    3542.018     79  7242.037     7263.245     7598.816
952  GTR+F+R3      3535.071     81  7232.143     7254.506     7597.954
960  GTR+F+I+R2    3538.318     80  7236.637     7258.418     7597.932
Akaike Information Criterion:           TIM2+F+R3
Corrected Akaike Information Criterion: TIM2+F+R3
Bayesian Information Criterion:         TN+F+I+G4
Best-fit model: TN+F+I+G4 chosen according to BIC

All model information printed to ml2\trees\M23990.model.gz
CPU time for ModelFinder: 102.250 seconds (0h:1m:42s)
Wall-clock time for ModelFinder: 53.713 seconds (0h:0m:53s)
Generating 1000 samples for ultrafast bootstrap (seed: 120397)...

NOTE: 2 MB RAM (0 GB) is required!
Estimate model parameters (epsilon = 0.100)
Thoroughly optimizing +I+G parameters from 10 start values...
Init pinv, alpha: 0.000, 0.595 / Estimate: 0.000, 0.198 / LogL: -3559.695
Init pinv, alpha: 0.072, 0.595 / Estimate: 0.431, 0.480 / LogL: -3545.062
Init pinv, alpha: 0.145, 0.595 / Estimate: 0.434, 0.485 / LogL: -3545.025
Init pinv, alpha: 0.217, 0.595 / Estimate: 0.435, 0.487 / LogL: -3545.007
Init pinv, alpha: 0.290, 0.595 / Estimate: 0.430, 0.478 / LogL: -3545.086
Init pinv, alpha: 0.362, 0.595 / Estimate: 0.430, 0.478 / LogL: -3545.090
Init pinv, alpha: 0.435, 0.595 / Estimate: 0.450, 0.516 / LogL: -3544.811
Init pinv, alpha: 0.507, 0.595 / Estimate: 0.504, 0.657 / LogL: -3544.577
Init pinv, alpha: 0.580, 0.595 / Estimate: 0.523, 0.732 / LogL: -3544.725
Init pinv, alpha: 0.652, 0.595 / Estimate: 0.526, 0.745 / LogL: -3544.768
Optimal pinv,alpha: 0.504, 0.657 / LogL: -3544.577

Parameters optimization took 1.760 sec
Wrote distance file to... 
Computing ML distances based on estimated model parameters...
Calculating distance matrix: done in 0.0070919 secs using 440.6% CPU
Computing ML distances took 0.032157 sec (of wall-clock time) 0.046875 sec (of CPU time)
Setting up auxiliary I and S matrices: done in 0.0001594 secs
Constructing RapidNJ tree: done in 0.0003281 secs
Computing RapidNJ tree took 0.018202 sec (of wall-clock time) 0.015625 sec (of CPU time)
Log-likelihood of RapidNJ tree: -3548.220
--------------------------------------------------------------------
|             INITIALIZING CANDIDATE TREE SET                      |
--------------------------------------------------------------------
Generating 98 parsimony trees... 0.543 second
Computing log-likelihood of 98 initial trees ... 0.417 seconds
Current best score: -3544.577

Do NNI search on 20 best initial trees
Estimate model parameters (epsilon = 0.100)
BETTER TREE FOUND at iteration 1: -3544.565
Estimate model parameters (epsilon = 0.100)
BETTER TREE FOUND at iteration 2: -3540.543
BETTER TREE FOUND at iteration 3: -3540.543
BETTER TREE FOUND at iteration 6: -3540.543
Iteration 10 / LogL: -3540.543 / Time: 0h:0m:59s
Iteration 20 / LogL: -3541.236 / Time: 0h:1m:1s
Finish initializing candidate tree set (19)
Current best tree score: -3540.543 / CPU time: 5.753
Number of iterations: 20
--------------------------------------------------------------------
|               OPTIMIZING CANDIDATE TREE SET                      |
--------------------------------------------------------------------
Iteration 30 / LogL: -3540.545 / Time: 0h:1m:4s (0h:0m:26s left)
Iteration 40 / LogL: -3540.545 / Time: 0h:1m:6s (0h:0m:21s left)
Iteration 50 / LogL: -3540.547 / Time: 0h:1m:8s (0h:0m:17s left)
Iteration 60 / LogL: -3540.545 / Time: 0h:1m:10s (0h:0m:13s left)
Iteration 70 / LogL: -3540.551 / Time: 0h:1m:13s (0h:0m:10s left)
Iteration 80 / LogL: -3540.547 / Time: 0h:1m:15s (0h:0m:7s left)
Iteration 90 / LogL: -3540.543 / Time: 0h:1m:17s (0h:0m:4s left)
Iteration 100 / LogL: -3540.545 / Time: 0h:1m:19s (0h:0m:1s left)
Refining ufboot trees with NNI 1 branch...
100 samples done
200 samples done
300 samples done
400 samples done
500 samples done
600 samples done
700 samples done
800 samples done
900 samples done
1000 samples done
Total 1000 ufboot trees refined
TREE SEARCH COMPLETED AFTER 107 ITERATIONS / Time: 0h:2m:5s

--------------------------------------------------------------------
|                    FINALIZING TREE SEARCH                        |
--------------------------------------------------------------------
Performs final model parameters optimization
Estimate model parameters (epsilon = 0.010)
1. Initial log-likelihood: -3540.543
Optimal log-likelihood: -3540.539
Rate parameters:  A-C: 1.00000  A-G: 2.75318  A-T: 1.00000  C-G: 1.00000  C-T: 10.76686  G-T: 1.00000
Base frequencies:  A: 0.347  C: 0.144  G: 0.124  T: 0.385
Proportion of invariable sites: 0.500
Gamma shape alpha: 0.645
Parameters optimization took 1 rounds (0.060 sec)
BEST SCORE FOUND : -3540.539
Creating bootstrap support values...
Split supports printed to NEXUS file ml2\trees\M23990.splits.nex
Total tree length: 1.960

Total number of iterations: 107
CPU time used for tree search: 128.578 sec (0h:2m:8s)
Wall-clock time used for tree search: 69.346 sec (0h:1m:9s)
Total CPU time used: 235.203 sec (0h:3m:55s)
Total wall-clock time used: 125.724 sec (0h:2m:5s)
UFBoot trees printed to ml2\trees\M23990.ufboot

Computing bootstrap consensus tree...
Reading input file ml2\trees\M23990.splits.nex...
36 taxa and 304 splits.
Consensus tree written to ml2\trees\M23990.contree
Reading input trees file ml2\trees\M23990.contree
Log-likelihood of consensus tree: -3540.558

Analysis results written to: 
  IQ-TREE report:                ml2\trees\M23990.iqtree
  Maximum-likelihood tree:       ml2\trees\M23990.treefile
  Likelihood distances:          ml2\trees\M23990.mldist

Ultrafast bootstrap approximation results written to:
  Split support values:          ml2\trees\M23990.splits.nex
  Consensus tree:                ml2\trees\M23990.contree
  UFBoot trees:                  ml2\trees\M23990.ufboot
  Screen log file:               ml2\trees\M23990.log

Date and Time: Mon May 04 13:13:23 2026
