IQ-TREE version 3.1.1 for Windows 64-bit built Apr  2 2026
Developed by Bui Quang Minh, Thomas Wong, Nhan Ly-Trong, Huaiyan Ren
Contributed by Lam-Tung Nguyen, Dominik Schrempf, Chris Bielow,
Olga Chernomor, Michael Woodhams, Diep Thi Hoang, Heiko Schmidt

Host:    DESKTOP-I0VDDLU (AVX2, FMA3, 15 GB RAM)
Command: iqtree-3.1.1-Windows\bin\iqtree3.exe -s ml2\datasets\M4541.nex -m MFP -B 1000 -bnni -T AUTO --prefix ml2\trees\M4541 --redo
Seed:    733395 (Using SPRNG - Scalable Parallel Random Number Generator)
Time:    Mon May 04 13:46:42 2026
Kernel:  AVX+FMA - auto-detect threads (16 CPU cores detected)

Reading alignment file ml2\datasets\M4541.nex ... Nexus format detected
Skipping unknown block (CODONS)...
WARNING: 1 sites contain only gaps or ambiguous characters.
Alignment has 75 sequences with 344 columns, 121 distinct patterns
80 parsimony-informative, 35 singleton sites, 229 constant sites
                                            Gap/Ambiguity  Composition  p-value
Analyzing sequences: done in 0.0001661 secs
   1  Hediste_diversicolor_Hap1_CRO_LAM_CM_LE_24    0.58%    passed     99.27%
   2  Hediste_diversicolor_Hap10_POR_2              0.58%    passed     99.15%
   3  Hediste_diversicolor_Hap11_POR_1              0.58%    passed     98.50%
   4  Hediste_diversicolor_Hap12_POR_6              0.58%    passed     94.38%
   5  Hediste_diversicolor_Hap13_POR_6              0.58%    passed     98.81%
   6  Hediste_diversicolor_Hap14_POR_1              0.58%    passed     97.01%
   7  Hediste_diversicolor_Hap15_POR_1              0.58%    passed     99.62%
   8  Hediste_diversicolor_Hap16_POR_2              0.58%    passed     99.99%
   9  Hediste_diversicolor_Hap17_POR_1              0.58%    passed     98.81%
  10  Hediste_diversicolor_Hap18_POR_1              0.58%    passed     92.45%
  11  Hediste_diversicolor_Hap19_POR_1              0.58%    passed     94.38%
  12  Hediste_diversicolor_Hap2_LAM_1               0.29%    passed     99.49%
  13  Hediste_diversicolor_Hap20_UK_1               0.58%    passed     95.01%
  14  Hediste_diversicolor_Hap21_UK_1               0.58%    passed     95.39%
  15  Hediste_diversicolor_Hap22_UK_1               0.58%    passed     97.28%
  16  Hediste_diversicolor_Hap23_UK_1               0.58%    passed     97.07%
  17  Hediste_diversicolor_Hap24_UK_1               0.58%    passed     99.03%
  18  Hediste_diversicolor_Hap25_ALA_3              0.29%    passed     97.19%
  19  Hediste_diversicolor_Hap26_TJ_1               0.29%    passed     85.56%
  20  Hediste_diversicolor_Hap27_TJ_1               0.29%    passed     90.87%
  21  Hediste_diversicolor_Hap28_TJ_1               0.58%    passed     86.72%
  22  Hediste_diversicolor_Hap29_SEV_1              0.87%    passed     97.86%
  23  Hediste_diversicolor_Hap3_LAM_1               0.58%    passed     99.42%
  24  Hediste_diversicolor_Hap30_SEV_1              0.29%    passed     97.29%
  25  Hediste_diversicolor_Hap31_SEV_1              0.87%    passed     98.10%
  26  Hediste_diversicolor_Hap32_SEV_1              0.29%    passed     99.67%
  27  Hediste_diversicolor_Hap33_SEV_1              0.29%    passed     98.35%
  28  Hediste_diversicolor_Hap34_SEV_3              0.29%    passed     99.43%
  29  Hediste_diversicolor_Hap35_SEV_2              0.58%    passed     98.94%
  30  Hediste_diversicolor_Hap36_SEV_1              0.87%    passed     97.86%
  31  Hediste_diversicolor_Hap37_SEV_1              0.87%    passed     95.56%
  32  Hediste_diversicolor_Hap38_SEV_1              0.29%    passed     99.43%
  33  Hediste_diversicolor_Hap39_MAK_2              0.87%    passed     99.66%
  34  Hediste_diversicolor_Hap4_LAM_1               0.29%    passed     99.49%
  35  Hediste_diversicolor_Hap40_MAK_1              1.45%    passed     97.94%
  36  Hediste_diversicolor_Hap41_MAK_1              1.16%    passed     89.61%
  37  Hediste_diversicolor_Hap42_MAK_1              0.29%    passed     91.49%
  38  Hediste_diversicolor_Hap43_MAK_1              0.29%    passed     99.67%
  39  Hediste_diversicolor_Hap44_MAK_2              0.58%    passed     99.82%
  40  Hediste_diversicolor_Hap45_SCH_2              0.29%    passed     94.72%
  41  Hediste_diversicolor_Hap46_SCH_1              0.29%    passed     96.32%
  42  Hediste_diversicolor_Hap47_SCH_1              0.29%    passed     98.92%
  43  Hediste_diversicolor_Hap48_SCH_1              0.29%    passed     98.07%
  44  Hediste_diversicolor_Hap49_SCH_1              0.29%    passed     98.97%
  45  Hediste_diversicolor_Hap5_LEC_2               0.29%    passed     98.82%
  46  Hediste_diversicolor_Hap50_SCH_1              0.29%    passed     86.67%
  47  Hediste_diversicolor_Hap51_SCH_1              0.29%    passed     94.14%
  48  Hediste_diversicolor_Hap52_SCH_SYL_2          0.29%    passed     97.70%
  49  Hediste_diversicolor_Hap53_SCH_1              0.29%    passed     98.59%
  50  Hediste_diversicolor_Hap54_SCH_2              0.29%    passed     98.76%
  51  Hediste_diversicolor_Hap55_SCH_SYL_2          0.29%    passed     95.01%
  52  Hediste_diversicolor_Hap56_SCH_1              0.58%    passed     99.39%
  53  Hediste_diversicolor_Hap57_SCH_1              0.29%    passed     99.09%
  54  Hediste_diversicolor_Hap58_SCH_1              0.29%    passed     90.13%
  55  Hediste_diversicolor_Hap59_SCH_2              0.29%    passed     97.91%
  56  Hediste_diversicolor_Hap6_RaCM_2              0.58%    passed     99.78%
  57  Hediste_diversicolor_Hap60_SCH_1              0.29%    passed     92.82%
  58  Hediste_diversicolor_Hap61_SCH_1              0.29%    passed     99.55%
  59  Hediste_diversicolor_Hap62_SYL_1              0.29%    passed     97.05%
  60  Hediste_diversicolor_Hap63_SYL_1              0.29%    passed     89.51%
  61  Hediste_diversicolor_Hap64_SYL_1              0.29%    passed     98.53%
  62  Hediste_diversicolor_Hap65_SYL_1              0.87%    passed     92.22%
  63  Hediste_diversicolor_Hap66_SYL_1              0.87%    passed     96.35%
  64  Hediste_diversicolor_Hap67_SYL_1              0.29%    passed     99.36%
  65  Hediste_diversicolor_Hap68_SYL_1              0.29%    passed     97.63%
  66  Hediste_diversicolor_Hap69_SYL_1              0.29%    passed     97.01%
  67  Hediste_diversicolor_Hap7_RaCM_4              0.58%    passed     98.49%
  68  Hediste_diversicolor_Hap70_LI_SER_4           0.29%    passed     93.23%
  69  Hediste_diversicolor_Hap71_OR_5               0.29%    passed     85.56%
  70  Hediste_diversicolor_Hap72_OR_2               0.29%    passed     85.56%
  71  Hediste_diversicolor_Hap73_OR_4               0.29%    passed     82.47%
  72  Hediste_diversicolor_Hap74_SER_1              1.16%    passed     90.78%
  73  Hediste_diversicolor_Hap8_MOR_3              17.44%    passed     76.57%
  74  Hediste_diversicolor_Hap9_POR_6               0.29%    passed     94.39%
  75  Hediste_japonica_D38032_RC                    0.58%    passed     40.97%
****  TOTAL                                         0.71%  0 sequences failed composition chi2 test (p-value<5%; df=3)
NOTE: Hediste_diversicolor_Hap19_POR_1 is identical to Hediste_diversicolor_Hap12_POR_6 but kept for subsequent analysis
NOTE: Hediste_diversicolor_Hap17_POR_1 is identical to Hediste_diversicolor_Hap13_POR_6 but kept for subsequent analysis
NOTE: Hediste_diversicolor_Hap4_LAM_1 is identical to Hediste_diversicolor_Hap2_LAM_1 but kept for subsequent analysis
NOTE: Hediste_diversicolor_Hap71_OR_5 is identical to Hediste_diversicolor_Hap26_TJ_1 but kept for subsequent analysis
NOTE: Hediste_diversicolor_Hap38_SEV_1 is identical to Hediste_diversicolor_Hap34_SEV_3 but kept for subsequent analysis
Checking for duplicate sequences: done in 0.0439488 secs using 533.3% CPU
Identifying sites to remove: done in 0.0009232 secs
NOTE: 1 identical sequences (see below) will be ignored for subsequent analysis
NOTE: Hediste_diversicolor_Hap72_OR_2 (identical to Hediste_diversicolor_Hap26_TJ_1) is ignored but added at the end
Alignment was printed to ml2\trees\M4541.uniqueseq.phy

For your convenience alignment with unique sequences printed to ml2\trees\M4541.uniqueseq.phy


Create initial parsimony tree by phylogenetic likelihood library (PLL)... 0.012 seconds
Measuring multi-threading efficiency up to 16 CPU cores
Increase to 10 rounds for branch lengths
546 trees examined
Threads: 1 / Time: 16.001 sec / Speedup: 1.000 / Efficiency: 100% / LogL: -4462
Threads: 2 / Time: 16.749 sec / Speedup: 0.955 / Efficiency: 48% / LogL: -4462
Determining AUTO threadcount: done in 32.7649 secs using 155.7% CPU
BEST NUMBER OF THREADS: 1

Perform fast likelihood tree search using GTR+I+G model...
Estimate model parameters (epsilon = 5.000)
Perform nearest neighbor interchange...
Estimate model parameters (epsilon = 1.000)
1. Initial log-likelihood: -2112.519
Optimal log-likelihood: -2112.346
Rate parameters:  A-C: 1.52093  A-G: 5.36832  A-T: 0.67271  C-G: 0.91601  C-T: 5.59024  G-T: 1.00000
Base frequencies:  A: 0.295  C: 0.197  G: 0.230  T: 0.279
Proportion of invariable sites: 0.339
Gamma shape alpha: 0.468
Parameters optimization took 1 rounds (0.049 sec)
Time for fast ML tree search: 0.264 seconds

NOTE: ModelFinder requires 3 MB RAM!
ModelFinder will test up to 968 DNA models (sample size: 344 epsilon: 0.100) ...
 No. Model         -LnL         df  AIC          AICc         BIC
  1  JC            2358.296     145 5006.591     5220.430     5563.485
  2  JC+I          2232.434     146 4756.868     4974.756     5317.601
  3  JC+G4         2215.892     146 4723.785     4941.673     5284.518
  4  JC+I+G4       2213.500     147 4720.999     4942.999     5285.574
  5  JC+R2         2213.624     147 4721.248     4943.248     5285.822
  6  JC+R3         2213.507     149 4725.013     4955.425     5297.269
 14  JC+I+R2       2212.981     148 4721.961     4948.135     5290.376
 15  JC+I+R3       2212.807     150 4725.614     4960.329     5301.710
 25  JC+G4         2215.892     146 4723.785     4941.673     5284.518
 26  JC+I+G4       2213.500     147 4720.999     4942.999     5285.574
 27  JC+R2         2213.624     147 4721.248     4943.248     5285.822
 36  JC+I+R2       2212.981     148 4721.961     4948.135     5290.376
 47  F81+G4        2215.891     146 4723.782     4941.670     5284.515
 48  F81+I+G4      2213.497     147 4720.993     4942.993     5285.567
 49  F81+R2        2213.627     147 4721.255     4943.255     5285.829
 58  F81+I+R2      2212.965     148 4721.931     4948.105     5290.346
 69  F81+F+G4      2210.950     149 4719.899     4950.312     5292.155
 70  F81+F+I+G4    2208.473     150 4716.946     4951.661     5293.042
 71  F81+F+R2      2209.099     150 4718.198     4952.913     5294.294
 80  F81+F+I+R2    2208.374     151 4718.748     4957.831     5298.685
 91  K2P+G4        2126.615     147 4547.230     4769.230     5111.805
 92  K2P+I+G4      2123.798     148 4543.595     4769.770     5112.010
 93  K2P+R2        2124.448     148 4544.895     4771.070     5113.310
102  K2P+I+R2      2123.467     149 4544.935     4775.347     5117.190
113  K2P+G4        2126.615     147 4547.230     4769.230     5111.805
114  K2P+I+G4      2123.798     148 4543.595     4769.770     5112.010
115  K2P+R2        2124.448     148 4544.895     4771.070     5113.310
124  K2P+I+R2      2123.467     149 4544.935     4775.347     5117.190
135  HKY+G4        2126.615     147 4547.230     4769.230     5111.804
136  HKY+I+G4      2123.794     148 4543.587     4769.762     5112.002
137  HKY+R2        2124.447     148 4544.894     4771.068     5113.309
146  HKY+I+R2      2123.457     149 4544.914     4775.326     5117.169
157  HKY+F+G4      2117.751     150 4535.503     4770.218     5111.599
158  HKY+F+I+G4    2115.146     151 4532.293     4771.376     5112.230
159  HKY+F+R2      2116.705     151 4535.411     4774.494     5115.348
168  HKY+F+I+R2    2115.708     152 4535.416     4778.934     5119.193
179  TNe+G4        2126.420     148 4548.839     4775.014     5117.254
180  TNe+I+G4      2123.555     149 4545.110     4775.522     5117.365
181  TNe+R2        2124.233     149 4546.466     4776.878     5118.721
190  TNe+I+R2      2123.203     150 4546.406     4781.121     5122.502
201  TNe+G4        2126.420     148 4548.839     4775.014     5117.254
202  TNe+I+G4      2123.555     149 4545.110     4775.522     5117.365
203  TNe+R2        2124.233     149 4546.466     4776.878     5118.721
212  TNe+I+R2      2123.203     150 4546.406     4781.121     5122.502
223  TN+G4         2126.419     148 4548.838     4775.012     5117.253
224  TN+I+G4       2123.551     149 4545.103     4775.515     5117.358
225  TN+R2         2124.232     149 4546.463     4776.876     5118.719
234  TN+I+R2       2123.190     150 4546.380     4781.096     5122.477
245  TN+F+G4       2117.720     151 4537.441     4776.524     5117.378
246  TN+F+I+G4     2115.109     152 4534.218     4777.736     5117.995
247  TN+F+R2       2116.690     152 4537.380     4780.898     5121.157
256  TN+F+I+R2     2115.678     153 4537.356     4785.377     5124.974
267  K3P+G4        2125.446     148 4546.892     4773.066     5115.307
268  K3P+I+G4      2122.630     149 4543.260     4773.672     5115.515
269  K3P+R2        2123.463     149 4544.925     4775.338     5117.181
278  K3P+I+R2      2122.397     150 4544.795     4779.510     5120.891
289  K3P+G4        2125.446     148 4546.892     4773.066     5115.307
290  K3P+I+G4      2122.630     149 4543.260     4773.672     5115.515
291  K3P+R2        2123.463     149 4544.925     4775.338     5117.181
300  K3P+I+R2      2122.397     150 4544.795     4779.510     5120.891
311  K3Pu+G4       2125.446     148 4546.891     4773.066     5115.306
312  K3Pu+I+G4     2122.627     149 4543.253     4773.666     5115.509
313  K3Pu+R2       2123.462     149 4544.924     4775.336     5117.179
322  K3Pu+I+R2     2122.386     150 4544.771     4779.486     5120.868
333  K3Pu+F+G4     2115.989     151 4533.978     4773.061     5113.915
334  K3Pu+F+I+G4   2113.429     152 4530.858     4774.376     5114.636
335  K3Pu+F+R2     2115.284     152 4534.568     4778.086     5118.346
344  K3Pu+F+I+R2   2114.125     153 4534.251     4782.272     5121.869
355  TPM2+G4       2126.140     148 4548.280     4774.454     5116.695
356  TPM2+I+G4     2123.311     149 4544.623     4775.035     5116.878
357  TPM2+R2       2123.826     149 4545.651     4776.063     5117.907
366  TPM2+I+R2     2122.833     150 4545.666     4780.381     5121.762
377  TPM2+G4       2126.140     148 4548.280     4774.454     5116.695
378  TPM2+I+G4     2123.311     149 4544.623     4775.035     5116.878
379  TPM2+R2       2123.826     149 4545.651     4776.063     5117.907
388  TPM2+I+R2     2122.833     150 4545.666     4780.381     5121.762
399  TPM2u+G4      2126.140     148 4548.279     4774.454     5116.694
400  TPM2u+I+G4    2123.309     149 4544.619     4775.031     5116.874
401  TPM2u+R2      2123.826     149 4545.651     4776.064     5117.907
410  TPM2u+I+R2    2122.825     150 4545.650     4780.365     5121.747
421  TPM2u+F+G4    2117.736     151 4537.471     4776.555     5117.408
422  TPM2u+F+I+G4  2115.120     152 4534.240     4777.759     5118.018
423  TPM2u+F+R2    2116.688     152 4537.376     4780.894     5121.154
432  TPM2u+F+I+R2  2115.641     153 4537.283     4785.304     5124.901
443  TPM3+G4       2126.509     148 4549.018     4775.192     5117.433
444  TPM3+I+G4     2123.702     149 4545.405     4775.817     5117.660
445  TPM3+R2       2124.435     149 4546.871     4777.283     5119.126
454  TPM3+I+R2     2123.433     150 4546.866     4781.581     5122.962
465  TPM3+G4       2126.509     148 4549.018     4775.192     5117.433
466  TPM3+I+G4     2123.702     149 4545.405     4775.817     5117.660
467  TPM3+R2       2124.435     149 4546.871     4777.283     5119.126
476  TPM3+I+R2     2123.433     150 4546.866     4781.581     5122.962
487  TPM3u+G4      2126.509     148 4549.018     4775.192     5117.433
488  TPM3u+I+G4    2123.699     149 4545.397     4775.809     5117.653
489  TPM3u+R2      2124.435     149 4546.870     4777.283     5119.126
498  TPM3u+I+R2    2123.424     150 4546.848     4781.563     5122.944
509  TPM3u+F+G4    2116.274     151 4534.548     4773.631     5114.485
510  TPM3u+F+I+G4  2113.722     152 4531.444     4774.962     5115.222
511  TPM3u+F+R2    2115.814     152 4535.627     4779.145     5119.405
520  TPM3u+F+I+R2  2114.626     153 4535.252     4783.273     5122.870
531  TIMe+G4       2125.245     149 4548.489     4778.902     5120.745
532  TIMe+I+G4     2122.383     150 4544.766     4779.481     5120.863
533  TIMe+R2       2123.241     150 4546.482     4781.197     5122.579
542  TIMe+I+R2     2122.121     151 4546.241     4785.325     5126.178
553  TIMe+G4       2125.245     149 4548.489     4778.902     5120.745
554  TIMe+I+G4     2122.383     150 4544.766     4779.481     5120.863
555  TIMe+R2       2123.241     150 4546.482     4781.197     5122.579
564  TIMe+I+R2     2122.121     151 4546.241     4785.325     5126.178
575  TIM+G4        2125.243     149 4548.487     4778.899     5120.742
576  TIM+I+G4      2122.379     150 4544.759     4779.474     5120.855
577  TIM+R2        2123.241     150 4546.481     4781.196     5122.577
586  TIM+I+R2      2122.106     151 4546.213     4785.296     5126.150
597  TIM+F+G4      2115.964     152 4535.928     4779.446     5119.705
598  TIM+F+I+G4    2113.395     153 4532.789     4780.810     5120.407
599  TIM+F+R2      2115.248     153 4536.496     4784.517     5124.114
608  TIM+F+I+R2    2114.089     154 4536.179     4788.771     5127.637
619  TIM2e+G4      2125.930     149 4549.861     4780.273     5122.116
620  TIM2e+I+G4    2123.062     150 4546.124     4780.839     5122.220
621  TIM2e+R2      2123.596     150 4547.192     4781.907     5123.288
630  TIM2e+I+R2    2122.530     151 4547.061     4786.144     5126.998
641  TIM2e+G4      2125.930     149 4549.861     4780.273     5122.116
642  TIM2e+I+G4    2123.062     150 4546.124     4780.839     5122.220
643  TIM2e+R2      2123.596     150 4547.192     4781.907     5123.288
652  TIM2e+I+R2    2122.530     151 4547.061     4786.144     5126.998
663  TIM2+G4       2125.929     149 4549.858     4780.270     5122.114
664  TIM2+I+G4     2123.060     150 4546.121     4780.836     5122.217
665  TIM2+R2       2123.595     150 4547.189     4781.904     5123.286
674  TIM2+I+R2     2122.519     151 4547.038     4786.122     5126.975
685  TIM2+F+G4     2117.705     152 4539.410     4782.928     5123.187
686  TIM2+F+I+G4   2115.081     153 4536.162     4784.183     5123.780
687  TIM2+F+R2     2116.657     153 4539.315     4787.336     5126.933
696  TIM2+F+I+R2   2115.597     154 4539.194     4791.787     5130.653
707  TIM3e+G4      2126.292     149 4550.584     4780.996     5122.839
708  TIM3e+I+G4    2123.442     150 4546.884     4781.599     5122.980
709  TIM3e+R2      2124.210     150 4548.421     4783.136     5124.517
718  TIM3e+I+R2    2123.155     151 4548.311     4787.394     5128.248
729  TIM3e+G4      2126.292     149 4550.584     4780.996     5122.839
730  TIM3e+I+G4    2123.442     150 4546.884     4781.599     5122.980
731  TIM3e+R2      2124.210     150 4548.421     4783.136     5124.517
740  TIM3e+I+R2    2123.155     151 4548.311     4787.394     5128.248
751  TIM3+G4       2126.291     149 4550.582     4780.995     5122.838
752  TIM3+I+G4     2123.439     150 4546.879     4781.594     5122.975
753  TIM3+R2       2124.210     150 4548.420     4783.135     5124.516
762  TIM3+I+R2     2123.138     151 4548.277     4787.360     5128.214
773  TIM3+F+G4     2116.253     152 4536.506     4780.024     5120.284
774  TIM3+F+I+G4   2113.680     153 4533.360     4781.381     5120.978
775  TIM3+F+R2     2115.767     153 4537.534     4785.555     5125.152
784  TIM3+F+I+R2   2114.585     154 4537.170     4789.763     5128.629
795  TVMe+G4       2124.827     150 4549.654     4784.369     5125.751
796  TVMe+I+G4     2122.016     151 4546.031     4785.115     5125.968
797  TVMe+R2       2122.743     151 4547.486     4786.569     5127.423
806  TVMe+I+R2     2121.651     152 4547.301     4790.820     5131.079
817  TVMe+G4       2124.827     150 4549.654     4784.369     5125.751
818  TVMe+I+G4     2122.016     151 4546.031     4785.115     5125.968
819  TVMe+R2       2122.743     151 4547.486     4786.569     5127.423
828  TVMe+I+R2     2121.651     152 4547.301     4790.820     5131.079
839  TVM+G4        2124.827     150 4549.653     4784.368     5125.750
840  TVM+I+G4      2122.014     151 4546.027     4785.111     5125.964
841  TVM+R2        2122.742     151 4547.484     4786.568     5127.421
850  TVM+I+R2      2121.637     152 4547.275     4790.793     5131.052
861  TVM+F+G4      2114.755     153 4535.510     4783.531     5123.128
862  TVM+F+I+G4    2112.243     154 4532.485     4785.078     5123.944
863  TVM+F+R2      2114.412     154 4536.825     4789.417     5128.284
872  TVM+F+I+R2    2113.158     155 4536.316     4793.550     5131.616
883  SYM+G4        2124.591     151 4551.181     4790.265     5131.118
884  SYM+I+G4      2121.754     152 4547.508     4791.026     5131.285
885  SYM+R2        2122.502     152 4549.005     4792.523     5132.782
894  SYM+I+R2      2121.368     153 4548.736     4796.757     5136.354
905  SYM+G4        2124.591     151 4551.181     4790.265     5131.118
906  SYM+I+G4      2121.754     152 4547.508     4791.026     5131.285
907  SYM+R2        2122.502     152 4549.005     4792.523     5132.782
916  SYM+I+R2      2121.368     153 4548.736     4796.757     5136.354
927  GTR+G4        2124.590     151 4551.180     4790.263     5131.117
928  GTR+I+G4      2121.752     152 4547.505     4791.023     5131.283
929  GTR+R2        2122.501     152 4549.003     4792.521     5132.780
938  GTR+I+R2      2121.360     153 4548.720     4796.741     5136.338
949  GTR+F+G4      2114.738     154 4537.476     4790.069     5128.935
950  GTR+F+I+G4    2112.203     155 4534.406     4791.641     5129.706
951  GTR+F+R2      2114.377     155 4538.754     4795.988     5134.053
960  GTR+F+I+R2    2113.124     156 4538.248     4800.194     5137.388
Akaike Information Criterion:           K3Pu+F+I+G4
Corrected Akaike Information Criterion: HKY+G4
Bayesian Information Criterion:         HKY+F+G4
Best-fit model: HKY+F+G4 chosen according to BIC

All model information printed to ml2\trees\M4541.model.gz
CPU time for ModelFinder: 57.922 seconds (0h:0m:57s)
Wall-clock time for ModelFinder: 40.460 seconds (0h:0m:40s)
Generating 1000 samples for ultrafast bootstrap (seed: 733395)...

NOTE: 1 MB RAM (0 GB) is required!
Estimate model parameters (epsilon = 0.100)
1. Initial log-likelihood: -2118.405
2. Current log-likelihood: -2117.764
Optimal log-likelihood: -2117.752
Rate parameters:  A-C: 1.00000  A-G: 5.53345  A-T: 1.00000  C-G: 1.00000  C-T: 5.53345  G-T: 1.00000
Base frequencies:  A: 0.295  C: 0.197  G: 0.230  T: 0.279
Gamma shape alpha: 0.231
Parameters optimization took 2 rounds (0.047 sec)
Wrote distance file to... 
Computing ML distances based on estimated model parameters...
Calculating distance matrix: done in 0.046661 secs using 33.49% CPU
Computing ML distances took 0.059138 sec (of wall-clock time) 0.031250 sec (of CPU time)
Setting up auxiliary I and S matrices: done in 0.0004097 secs
Constructing RapidNJ tree: done in 0.0006046 secs
Computing RapidNJ tree took 0.014925 sec (of wall-clock time) 0.015625 sec (of CPU time)
Log-likelihood of RapidNJ tree: -2149.105
--------------------------------------------------------------------
|             INITIALIZING CANDIDATE TREE SET                      |
--------------------------------------------------------------------
Generating 98 parsimony trees... 0.751 second
Computing log-likelihood of 98 initial trees ... 0.503 seconds
Current best score: -2117.752

Do NNI search on 20 best initial trees
Estimate model parameters (epsilon = 0.100)
BETTER TREE FOUND at iteration 1: -2117.751
BETTER TREE FOUND at iteration 2: -2117.751
Iteration 10 / LogL: -2120.445 / Time: 0h:0m:47s
Iteration 20 / LogL: -2122.372 / Time: 0h:0m:54s
Finish initializing candidate tree set (20)
Current best tree score: -2117.751 / CPU time: 13.869
Number of iterations: 20
--------------------------------------------------------------------
|               OPTIMIZING CANDIDATE TREE SET                      |
--------------------------------------------------------------------
Iteration 30 / LogL: -2117.755 / Time: 0h:1m:0s (0h:0m:50s left)
Iteration 40 / LogL: -2117.756 / Time: 0h:1m:7s (0h:0m:42s left)
Iteration 50 / LogL: -2117.753 / Time: 0h:1m:13s (0h:0m:34s left)
Iteration 60 / LogL: -2117.927 / Time: 0h:1m:19s (0h:0m:27s left)
Iteration 70 / LogL: -2118.250 / Time: 0h:1m:25s (0h:0m:20s left)
Iteration 80 / LogL: -2128.437 / Time: 0h:1m:30s (0h:0m:14s left)
Iteration 90 / LogL: -2118.247 / Time: 0h:1m:36s (0h:0m:7s left)
Iteration 100 / LogL: -2117.754 / Time: 0h:1m:42s (0h:0m:1s left)
Refining ufboot trees with NNI 1 branch...
100 samples done
200 samples done
300 samples done
400 samples done
500 samples done
600 samples done
700 samples done
800 samples done
900 samples done
1000 samples done
Total 1000 ufboot trees refined
TREE SEARCH COMPLETED AFTER 103 ITERATIONS / Time: 0h:2m:27s

--------------------------------------------------------------------
|                    FINALIZING TREE SEARCH                        |
--------------------------------------------------------------------
Performs final model parameters optimization
Estimate model parameters (epsilon = 0.010)
1. Initial log-likelihood: -2117.751
Optimal log-likelihood: -2117.751
Rate parameters:  A-C: 1.00000  A-G: 5.53500  A-T: 1.00000  C-G: 1.00000  C-T: 5.53500  G-T: 1.00000
Base frequencies:  A: 0.295  C: 0.197  G: 0.230  T: 0.279
Gamma shape alpha: 0.231
Parameters optimization took 1 rounds (0.033 sec)
BEST SCORE FOUND : -2117.751
Creating bootstrap support values...
Split supports printed to NEXUS file ml2\trees\M4541.splits.nex
Total tree length: 1.116

Total number of iterations: 103
CPU time used for tree search: 105.281 sec (0h:1m:45s)
Wall-clock time used for tree search: 106.309 sec (0h:1m:46s)
Total CPU time used: 164.125 sec (0h:2m:44s)
Total wall-clock time used: 147.824 sec (0h:2m:27s)
UFBoot trees printed to ml2\trees\M4541.ufboot

Computing bootstrap consensus tree...
Reading input file ml2\trees\M4541.splits.nex...
74 taxa and 1901 splits.
Consensus tree written to ml2\trees\M4541.contree
Reading input trees file ml2\trees\M4541.contree
Log-likelihood of consensus tree: -2117.772

Analysis results written to: 
  IQ-TREE report:                ml2\trees\M4541.iqtree
  Maximum-likelihood tree:       ml2\trees\M4541.treefile
  Likelihood distances:          ml2\trees\M4541.mldist

Ultrafast bootstrap approximation results written to:
  Split support values:          ml2\trees\M4541.splits.nex
  Consensus tree:                ml2\trees\M4541.contree
  UFBoot trees:                  ml2\trees\M4541.ufboot
  Screen log file:               ml2\trees\M4541.log

Date and Time: Mon May 04 13:49:12 2026
